#-----------------------------------------------------------
# Vivado v2022.1 (64-bit)
# SW Build 3526262 on Mon Apr 18 15:47:01 MDT 2022
# IP Build 3524634 on Mon Apr 18 20:55:01 MDT 2022
# Start of session at: Thu Feb 16 15:58:45 2023
# Process ID: 93969
# Current directory: /home/lnc3770a/Cours/MASTER/Simul_archi_mat
# Command line: vivado
# Log file: /home/lnc3770a/Cours/MASTER/Simul_archi_mat/vivado.log
# Journal file: /home/lnc3770a/Cours/MASTER/Simul_archi_mat/vivado.jou
# Running On: pc-u3-305-08, OS: Linux, CPU Frequency: 1063.887 MHz, CPU Physical cores: 8, Host memory: 16484 MB
#-----------------------------------------------------------
start_gui
open_project /home/lnc3770a/Cours/MASTER/Simul_archi_mat/TP6/TP6.xpr
update_compile_order -fileset sources_1
launch_simulation
source test_memory.tcl
restart
run 10 s
launch_runs synth_1 -jobs 8
wait_on_run synth_1
open_run synth_1 -name synth_1
launch_simulation -mode post-synthesis -type timing
reset_run synth_1
launch_runs synth_1 -jobs 8
wait_on_run synth_1
file mkdir /home/lnc3770a/Cours/MASTER/Simul_archi_mat/TP6/TP6.srcs/constrs_1
file mkdir /home/lnc3770a/Cours/MASTER/Simul_archi_mat/TP6/TP6.srcs/constrs_1/new
close [ open /home/lnc3770a/Cours/MASTER/Simul_archi_mat/TP6/TP6.srcs/constrs_1/new/memory_synth.pre.tcl w ]
add_files -fileset constrs_1 /home/lnc3770a/Cours/MASTER/Simul_archi_mat/TP6/TP6.srcs/constrs_1/new/memory_synth.pre.tcl
reset_run synth_1
launch_runs synth_1 -jobs 8
wait_on_run synth_1
close_design
launch_simulation -mode post-synthesis -type timing
close_design
launch_simulation -mode post-synthesis -type timing
close_design
close_sim
launch_simulation
source test_memory.tcl
restart
run 10 s
reset_run synth_1
launch_runs synth_1 -jobs 8
wait_on_run synth_1
launch_simulation -mode post-synthesis -type timing
reset_run synth_1
launch_runs synth_1 -jobs 8
wait_on_run synth_1
close_design
launch_simulation -mode post-synthesis -type timing
source test_memory.tcl
reset_run synth_1
launch_runs synth_1 -jobs 8
wait_on_run synth_1
reset_run synth_1
launch_runs synth_1 -jobs 8
wait_on_run synth_1
close_sim
close_sim
close_design
reset_run synth_1
launch_runs synth_1 -jobs 8
wait_on_run synth_1
reset_run synth_1
launch_runs synth_1 -jobs 8
wait_on_run synth_1
launch_simulation
source test_memory.tcl
restart
run 10 s
close_sim
open_run synth_1 -name synth_1
close_project
create_project project_tp7 /home/lnc3770a/Cours/MASTER/Simul_archi_mat/project_tp7 -part xc7z020clg400-1
set_property board_part digilentinc.com:zybo-z7-20:part0:1.1 [current_project]
set_property  ip_repo_paths  /nfs/xilinx/vivado-library [current_project]
update_ip_catalog
set_property target_language VHDL [current_project]
add_files -norecurse /home/lnc3770a/Cours/MASTER/Simul_archi_mat/tp7/fifo.0.vhd
update_compile_order -fileset sources_1
set_property SOURCE_SET sources_1 [get_filesets sim_1]
add_files -fileset sim_1 -norecurse /home/lnc3770a/Cours/MASTER/Simul_archi_mat/tp7/test_fifo.0.vhd
update_compile_order -fileset sim_1
update_compile_order -fileset sim_1
close_project
open_project /home/lnc3770a/Cours/MASTER/Simul_archi_mat/TP6/TP6.xpr
update_compile_order -fileset sources_1
