#-----------------------------------------------------------
# Vivado v2022.1 (64-bit)
# SW Build 3526262 on Mon Apr 18 15:47:01 MDT 2022
# IP Build 3524634 on Mon Apr 18 20:55:01 MDT 2022
# Start of session at: Thu Feb 23 15:44:16 2023
# Process ID: 6816
# Current directory: /home/lnc3770a/Cours/MASTER/Simul_archi_mat
# Command line: vivado
# Log file: /home/lnc3770a/Cours/MASTER/Simul_archi_mat/vivado.log
# Journal file: /home/lnc3770a/Cours/MASTER/Simul_archi_mat/vivado.jou
# Running On: pc-u3-305-18, OS: Linux, CPU Frequency: 3497.369 MHz, CPU Physical cores: 8, Host memory: 16484 MB
#-----------------------------------------------------------
start_gui
open_project /home/lnc3770a/Cours/MASTER/Simul_archi_mat/project_tp7/project_tp7.xpr
update_compile_order -fileset sources_1
update_compile_order -fileset sources_1
update_compile_order -fileset sources_1
update_compile_order -fileset sources_1
update_compile_order -fileset sources_1
launch_simulation
source test_fifo.tcl
restart
run 10 s
restart
run 10 s
add_bp {/home/lnc3770a/Cours/MASTER/Simul_archi_mat/tp7/fifo.0.vhd} 65
remove_bps -file {/home/lnc3770a/Cours/MASTER/Simul_archi_mat/tp7/fifo.0.vhd} -line 65
add_bp {/home/lnc3770a/Cours/MASTER/Simul_archi_mat/tp7/fifo.0.vhd} 73
remove_bps -file {/home/lnc3770a/Cours/MASTER/Simul_archi_mat/tp7/fifo.0.vhd} -line 73
add_bp {/home/lnc3770a/Cours/MASTER/Simul_archi_mat/tp7/fifo.0.vhd} 73
remove_bps -file {/home/lnc3770a/Cours/MASTER/Simul_archi_mat/tp7/fifo.0.vhd} -line 73
add_bp {/home/lnc3770a/Cours/MASTER/Simul_archi_mat/tp7/fifo.0.vhd} 73
remove_bps -file {/home/lnc3770a/Cours/MASTER/Simul_archi_mat/tp7/fifo.0.vhd} -line 73
add_bp {/home/lnc3770a/Cours/MASTER/Simul_archi_mat/tp7/fifo.0.vhd} 73
remove_bps -file {/home/lnc3770a/Cours/MASTER/Simul_archi_mat/tp7/fifo.0.vhd} -line 73
close_sim
launch_simulation
source test_fifo.tcl
restart
run 10 s
close_sim
launch_simulation
source test_fifo.tcl
restart
run 10 s
close_sim
launch_simulation
source test_fifo.tcl
restart
run 10 s
restart
run 10 s
close_sim
